============================= test session starts =============================
platform win32 -- Python 3.12.8, pytest-9.0.1, pluggy-1.6.0 -- C:\Users\Micro\AppData\Local\Programs\Python\Python312\python.exe
cachedir: .pytest_cache
rootdir: C:\Users\Micro\Documents\Visual Studio\robo_sistema.binace.api
configfile: pytest.ini
plugins: anyio-4.12.0, asyncio-1.3.0
asyncio: mode=Mode.AUTO, debug=False, asyncio_default_fixture_loop_scope=None, asyncio_default_test_loop_scope=function
collecting ... collected 1 item

tests/test_support_resistance_consolidated.py::TestEdgeCases::test_nan_values_handling FAILED [100%]

================================== FAILURES ===================================
___________________ TestEdgeCases.test_nan_values_handling ____________________

self = <test_support_resistance_consolidated.TestEdgeCases object at 0x000002342AECB050>

    def test_nan_values_handling(self):
        """Valores NaN nas sÚries"""
        prices = pd.Series([100.0, np.nan, 102.0, np.nan, 104.0])
        volumes = pd.Series([1000.0, 1100.0, np.nan, 1300.0, 1400.0])
    
        # ValidaþÒo sem allow_nan deve falhar
        with pytest.raises(ValueError, match="contÚm .* valores NaN"):
            validate_series(prices, min_length=1, allow_nan=False)
    
        # Com allow_nan deve passar
>       validate_series(prices, allow_nan=True)

tests\test_support_resistance_consolidated.py:950: 
_ _ _ _ _ _ _ _ _ _ _ _ _ _ _ _ _ _ _ _ _ _ _ _ _ _ _ _ _ _ _ _ _ _ _ _ _ _ _ _

series = 0    100.0
1      NaN
2    102.0
3      NaN
4    104.0
dtype: float64
name = 'series', min_length = 20, allow_nan = True, must_be_positive = True

    def validate_series(series: pd.Series,
                       name: str = "series",
                       min_length: int = 20,
                       allow_nan: bool = False,
                       must_be_positive: bool = True) -> None:
        """
        Valida Series de entrada
    
        Args:
            series: Series a validar
            name: Nome para mensagens de erro
            min_length: Comprimento mÝnimo
            allow_nan: Se permite valores NaN
            must_be_positive: Se valores devem ser positivos
    
        Raises:
            ValueError: Se validaþÒo falhar
        """
        if series is None:
            raise ValueError(f"{name} nÒo pode ser None")
    
        # 1) Primeiro, NaN (para testes que esperam erro de NaN)
        if not allow_nan and series.isna().any():
            nan_count = series.isna().sum()
            raise ValueError(f"{name} contÚm {nan_count} valores NaN")
    
        # 2) Depois, comprimento mÝnimo
        if len(series) < min_length:
>           raise ValueError(f"{name} precisa ter pelo menos {min_length} elementos (tem {len(series)})")
E           ValueError: series precisa ter pelo menos 20 elementos (tem 5)

support_resistance.py:230: ValueError
=========================== short test summary info ===========================
FAILED tests/test_support_resistance_consolidated.py::TestEdgeCases::test_nan_values_handling
============================== 1 failed in 3.04s ==============================
